---
source: src/compiler/parser.rs
expression: "create_parser(\"if true then true else false\").parse_expr()"
---
Ok(
    Expr {
        kind: If {
            cond: Expr {
                kind: Bool(
                    true,
                ),
                span: SpanData { file_id: 0, lo: 3, hi: 7 },
                ty: (),
            },
            then: Expr {
                kind: Bool(
                    true,
                ),
                span: SpanData { file_id: 0, lo: 13, hi: 17 },
                ty: (),
            },
            otherwise: Expr {
                kind: Bool(
                    false,
                ),
                span: SpanData { file_id: 0, lo: 23, hi: 28 },
                ty: (),
            },
        },
        span: SpanData { file_id: 0, lo: 0, hi: 28 },
        ty: (),
    },
)
