---
source: src/compiler/parser.rs
expression: "create_parser(\"let fib n = match n with ..2 -> n, _ -> fib (n - 1) + fib (n - 2);\").parse_stmt()"
---
Ok(
    Stmt {
        kind: Let(
            LetBind {
                operator: false,
                name: Ident {
                    ident: "fib",
                    span: SpanData { file_id: 0, lo: 4, hi: 7 },
                },
                params: [
                    Param {
                        pat: Pat {
                            kind: Constructor {
                                name: Path {
                                    segments: [
                                        Ident {
                                            ident: "n",
                                            span: SpanData { file_id: 0, lo: 8, hi: 9 },
                                        },
                                    ],
                                },
                                args: [],
                            },
                            span: SpanData { file_id: 0, lo: 8, hi: 9 },
                            ty: (),
                        },
                    },
                ],
                expr: Expr {
                    kind: Match {
                        expr: Expr {
                            kind: Path(
                                Path {
                                    segments: [
                                        Ident {
                                            ident: "n",
                                            span: SpanData { file_id: 0, lo: 18, hi: 19 },
                                        },
                                    ],
                                },
                            ),
                            span: SpanData { file_id: 0, lo: 18, hi: 19 },
                            ty: (),
                        },
                        arms: [
                            MatchArm {
                                pat: Pat {
                                    kind: IntRange(
                                        To(
                                            2,
                                        ),
                                    ),
                                    span: SpanData { file_id: 0, lo: 25, hi: 28 },
                                    ty: (),
                                },
                                expr: Expr {
                                    kind: Path(
                                        Path {
                                            segments: [
                                                Ident {
                                                    ident: "n",
                                                    span: SpanData { file_id: 0, lo: 32, hi: 33 },
                                                },
                                            ],
                                        },
                                    ),
                                    span: SpanData { file_id: 0, lo: 32, hi: 33 },
                                    ty: (),
                                },
                            },
                            MatchArm {
                                pat: Pat {
                                    kind: Wild,
                                    span: SpanData { file_id: 0, lo: 35, hi: 36 },
                                    ty: (),
                                },
                                expr: Expr {
                                    kind: Infix {
                                        op: Ident {
                                            ident: "+",
                                            span: SpanData { file_id: 0, lo: 52, hi: 53 },
                                        },
                                        lhs: Expr {
                                            kind: Call {
                                                callee: Expr {
                                                    kind: Path(
                                                        Path {
                                                            segments: [
                                                                Ident {
                                                                    ident: "fib",
                                                                    span: SpanData { file_id: 0, lo: 40, hi: 43 },
                                                                },
                                                            ],
                                                        },
                                                    ),
                                                    span: SpanData { file_id: 0, lo: 40, hi: 43 },
                                                    ty: (),
                                                },
                                                arg: Expr {
                                                    kind: Paren(
                                                        Expr {
                                                            kind: Infix {
                                                                op: Ident {
                                                                    ident: "-",
                                                                    span: SpanData { file_id: 0, lo: 47, hi: 48 },
                                                                },
                                                                lhs: Expr {
                                                                    kind: Path(
                                                                        Path {
                                                                            segments: [
                                                                                Ident {
                                                                                    ident: "n",
                                                                                    span: SpanData { file_id: 0, lo: 45, hi: 46 },
                                                                                },
                                                                            ],
                                                                        },
                                                                    ),
                                                                    span: SpanData { file_id: 0, lo: 45, hi: 46 },
                                                                    ty: (),
                                                                },
                                                                rhs: Expr {
                                                                    kind: Int(
                                                                        1,
                                                                    ),
                                                                    span: SpanData { file_id: 0, lo: 49, hi: 50 },
                                                                    ty: (),
                                                                },
                                                            },
                                                            span: SpanData { file_id: 0, lo: 45, hi: 50 },
                                                            ty: (),
                                                        },
                                                    ),
                                                    span: SpanData { file_id: 0, lo: 44, hi: 51 },
                                                    ty: (),
                                                },
                                            },
                                            span: SpanData { file_id: 0, lo: 40, hi: 51 },
                                            ty: (),
                                        },
                                        rhs: Expr {
                                            kind: Call {
                                                callee: Expr {
                                                    kind: Path(
                                                        Path {
                                                            segments: [
                                                                Ident {
                                                                    ident: "fib",
                                                                    span: SpanData { file_id: 0, lo: 54, hi: 57 },
                                                                },
                                                            ],
                                                        },
                                                    ),
                                                    span: SpanData { file_id: 0, lo: 54, hi: 57 },
                                                    ty: (),
                                                },
                                                arg: Expr {
                                                    kind: Paren(
                                                        Expr {
                                                            kind: Infix {
                                                                op: Ident {
                                                                    ident: "-",
                                                                    span: SpanData { file_id: 0, lo: 61, hi: 62 },
                                                                },
                                                                lhs: Expr {
                                                                    kind: Path(
                                                                        Path {
                                                                            segments: [
                                                                                Ident {
                                                                                    ident: "n",
                                                                                    span: SpanData { file_id: 0, lo: 59, hi: 60 },
                                                                                },
                                                                            ],
                                                                        },
                                                                    ),
                                                                    span: SpanData { file_id: 0, lo: 59, hi: 60 },
                                                                    ty: (),
                                                                },
                                                                rhs: Expr {
                                                                    kind: Int(
                                                                        2,
                                                                    ),
                                                                    span: SpanData { file_id: 0, lo: 63, hi: 64 },
                                                                    ty: (),
                                                                },
                                                            },
                                                            span: SpanData { file_id: 0, lo: 59, hi: 64 },
                                                            ty: (),
                                                        },
                                                    ),
                                                    span: SpanData { file_id: 0, lo: 58, hi: 65 },
                                                    ty: (),
                                                },
                                            },
                                            span: SpanData { file_id: 0, lo: 54, hi: 65 },
                                            ty: (),
                                        },
                                    },
                                    span: SpanData { file_id: 0, lo: 40, hi: 65 },
                                    ty: (),
                                },
                            },
                        ],
                    },
                    span: SpanData { file_id: 0, lo: 12, hi: 65 },
                    ty: (),
                },
            },
        ),
        span: SpanData { file_id: 0, lo: 0, hi: 65 },
    },
)
