---
source: src/compiler/lexer.rs
expression: "Lexer ::\nnew(0, \"match [10] with [] -> match [] with _ -> 10,, [a]b -> a+b\").collect ::\n< Vec < _ >> ()"
---
[
    Ok(
        Spand {
            data: KwMatch,
            span: SpanData { file_id: 0, start: 0, end: 5 },
        },
    ),
    Ok(
        Spand {
            data: LBracket,
            span: SpanData { file_id: 0, start: 6, end: 7 },
        },
    ),
    Ok(
        Spand {
            data: Integer(
                10,
            ),
            span: SpanData { file_id: 0, start: 7, end: 9 },
        },
    ),
    Ok(
        Spand {
            data: RBracket,
            span: SpanData { file_id: 0, start: 9, end: 10 },
        },
    ),
    Ok(
        Spand {
            data: KwWith,
            span: SpanData { file_id: 0, start: 11, end: 15 },
        },
    ),
    Ok(
        Spand {
            data: LBracket,
            span: SpanData { file_id: 0, start: 16, end: 17 },
        },
    ),
    Ok(
        Spand {
            data: RBracket,
            span: SpanData { file_id: 0, start: 17, end: 18 },
        },
    ),
    Ok(
        Spand {
            data: Arrow,
            span: SpanData { file_id: 0, start: 19, end: 21 },
        },
    ),
    Ok(
        Spand {
            data: KwMatch,
            span: SpanData { file_id: 0, start: 22, end: 27 },
        },
    ),
    Ok(
        Spand {
            data: LBracket,
            span: SpanData { file_id: 0, start: 28, end: 29 },
        },
    ),
    Ok(
        Spand {
            data: RBracket,
            span: SpanData { file_id: 0, start: 29, end: 30 },
        },
    ),
    Ok(
        Spand {
            data: KwWith,
            span: SpanData { file_id: 0, start: 31, end: 35 },
        },
    ),
    Ok(
        Spand {
            data: Underscore,
            span: SpanData { file_id: 0, start: 36, end: 37 },
        },
    ),
    Ok(
        Spand {
            data: Arrow,
            span: SpanData { file_id: 0, start: 38, end: 40 },
        },
    ),
    Ok(
        Spand {
            data: Integer(
                10,
            ),
            span: SpanData { file_id: 0, start: 41, end: 43 },
        },
    ),
    Ok(
        Spand {
            data: Comma,
            span: SpanData { file_id: 0, start: 43, end: 44 },
        },
    ),
    Ok(
        Spand {
            data: Comma,
            span: SpanData { file_id: 0, start: 44, end: 45 },
        },
    ),
    Ok(
        Spand {
            data: LBracket,
            span: SpanData { file_id: 0, start: 46, end: 47 },
        },
    ),
    Ok(
        Spand {
            data: Ident(
                "a",
            ),
            span: SpanData { file_id: 0, start: 47, end: 48 },
        },
    ),
    Ok(
        Spand {
            data: RBracket,
            span: SpanData { file_id: 0, start: 48, end: 49 },
        },
    ),
    Ok(
        Spand {
            data: Ident(
                "b",
            ),
            span: SpanData { file_id: 0, start: 49, end: 50 },
        },
    ),
    Ok(
        Spand {
            data: Arrow,
            span: SpanData { file_id: 0, start: 51, end: 53 },
        },
    ),
    Ok(
        Spand {
            data: Ident(
                "a",
            ),
            span: SpanData { file_id: 0, start: 54, end: 55 },
        },
    ),
    Ok(
        Spand {
            data: Operator(
                "+",
            ),
            span: SpanData { file_id: 0, start: 55, end: 56 },
        },
    ),
    Ok(
        Spand {
            data: Ident(
                "b",
            ),
            span: SpanData { file_id: 0, start: 56, end: 57 },
        },
    ),
]
