---
source: src/compiler/lexer.rs
expression: "Lexer :: new(0, \"[a,b,c,d]\").collect :: < Vec < _ >> ()"
---
[
    Ok(
        Spand {
            data: LBracket,
            span: SpanData { file_id: 0, lo: 0, hi: 1 },
        },
    ),
    Ok(
        Spand {
            data: Ident(
                "a",
            ),
            span: SpanData { file_id: 0, lo: 1, hi: 2 },
        },
    ),
    Ok(
        Spand {
            data: Comma,
            span: SpanData { file_id: 0, lo: 2, hi: 3 },
        },
    ),
    Ok(
        Spand {
            data: Ident(
                "b",
            ),
            span: SpanData { file_id: 0, lo: 3, hi: 4 },
        },
    ),
    Ok(
        Spand {
            data: Comma,
            span: SpanData { file_id: 0, lo: 4, hi: 5 },
        },
    ),
    Ok(
        Spand {
            data: Ident(
                "c",
            ),
            span: SpanData { file_id: 0, lo: 5, hi: 6 },
        },
    ),
    Ok(
        Spand {
            data: Comma,
            span: SpanData { file_id: 0, lo: 6, hi: 7 },
        },
    ),
    Ok(
        Spand {
            data: Ident(
                "d",
            ),
            span: SpanData { file_id: 0, lo: 7, hi: 8 },
        },
    ),
    Ok(
        Spand {
            data: RBracket,
            span: SpanData { file_id: 0, lo: 8, hi: 9 },
        },
    ),
]
