---
source: src/compiler/lexer.rs
expression: "Lexer :: new(0, \"if true then true else false\").collect :: < Vec < _ >> ()"
---
[
    Ok(
        Spand {
            data: KwIf,
            span: SpanData { file_id: 0, lo: 0, hi: 2 },
        },
    ),
    Ok(
        Spand {
            data: KwTrue,
            span: SpanData { file_id: 0, lo: 3, hi: 7 },
        },
    ),
    Ok(
        Spand {
            data: KwThen,
            span: SpanData { file_id: 0, lo: 8, hi: 12 },
        },
    ),
    Ok(
        Spand {
            data: KwTrue,
            span: SpanData { file_id: 0, lo: 13, hi: 17 },
        },
    ),
    Ok(
        Spand {
            data: KwElse,
            span: SpanData { file_id: 0, lo: 18, hi: 22 },
        },
    ),
    Ok(
        Spand {
            data: KwFalse,
            span: SpanData { file_id: 0, lo: 23, hi: 28 },
        },
    ),
]
