---
source: src/compiler/parser.rs
expression: "create_parser(\"Some x\").parse_expr()"
---
Ok(
    Expr {
        kind: Call {
            callee: Expr {
                kind: Path(
                    Path {
                        segments: [
                            Ident {
                                ident: "Some",
                                span: SpanData { file_id: 0, start: 0, end: 4 },
                            },
                        ],
                        ..
                    },
                ),
                span: SpanData { file_id: 0, start: 0, end: 4 },
                ty: (),
            },
            arg: Expr {
                kind: Path(
                    Path {
                        segments: [
                            Ident {
                                ident: "x",
                                span: SpanData { file_id: 0, start: 5, end: 6 },
                            },
                        ],
                        ..
                    },
                ),
                span: SpanData { file_id: 0, start: 5, end: 6 },
                ty: (),
            },
        },
        span: SpanData { file_id: 0, start: 0, end: 6 },
        ty: (),
    },
)
