---
source: src/compiler/lexer.rs
expression: "Lexer ::\nnew(0, \"match (1,2) with (0.., ..0) -> 10, (..0, 0..) -> -10\").collect :: <\nVec < _ >> ()"
---
[
    Ok(
        Spand {
            data: KwMatch,
            span: SpanData { file_id: 0, lo: 0, hi: 5 },
        },
    ),
    Ok(
        Spand {
            data: LParen,
            span: SpanData { file_id: 0, lo: 6, hi: 7 },
        },
    ),
    Ok(
        Spand {
            data: Integer(
                1,
            ),
            span: SpanData { file_id: 0, lo: 7, hi: 8 },
        },
    ),
    Ok(
        Spand {
            data: Comma,
            span: SpanData { file_id: 0, lo: 8, hi: 9 },
        },
    ),
    Ok(
        Spand {
            data: Integer(
                2,
            ),
            span: SpanData { file_id: 0, lo: 9, hi: 10 },
        },
    ),
    Ok(
        Spand {
            data: RParen,
            span: SpanData { file_id: 0, lo: 10, hi: 11 },
        },
    ),
    Ok(
        Spand {
            data: KwWith,
            span: SpanData { file_id: 0, lo: 12, hi: 16 },
        },
    ),
    Ok(
        Spand {
            data: LParen,
            span: SpanData { file_id: 0, lo: 17, hi: 18 },
        },
    ),
    Ok(
        Spand {
            data: Integer(
                0,
            ),
            span: SpanData { file_id: 0, lo: 18, hi: 19 },
        },
    ),
    Ok(
        Spand {
            data: DotDot,
            span: SpanData { file_id: 0, lo: 19, hi: 21 },
        },
    ),
    Ok(
        Spand {
            data: Comma,
            span: SpanData { file_id: 0, lo: 21, hi: 22 },
        },
    ),
    Ok(
        Spand {
            data: DotDot,
            span: SpanData { file_id: 0, lo: 23, hi: 25 },
        },
    ),
    Ok(
        Spand {
            data: Integer(
                0,
            ),
            span: SpanData { file_id: 0, lo: 25, hi: 26 },
        },
    ),
    Ok(
        Spand {
            data: RParen,
            span: SpanData { file_id: 0, lo: 26, hi: 27 },
        },
    ),
    Ok(
        Spand {
            data: Arrow,
            span: SpanData { file_id: 0, lo: 28, hi: 30 },
        },
    ),
    Ok(
        Spand {
            data: Integer(
                10,
            ),
            span: SpanData { file_id: 0, lo: 31, hi: 33 },
        },
    ),
    Ok(
        Spand {
            data: Comma,
            span: SpanData { file_id: 0, lo: 33, hi: 34 },
        },
    ),
    Ok(
        Spand {
            data: LParen,
            span: SpanData { file_id: 0, lo: 35, hi: 36 },
        },
    ),
    Ok(
        Spand {
            data: DotDot,
            span: SpanData { file_id: 0, lo: 36, hi: 38 },
        },
    ),
    Ok(
        Spand {
            data: Integer(
                0,
            ),
            span: SpanData { file_id: 0, lo: 38, hi: 39 },
        },
    ),
    Ok(
        Spand {
            data: Comma,
            span: SpanData { file_id: 0, lo: 39, hi: 40 },
        },
    ),
    Ok(
        Spand {
            data: Integer(
                0,
            ),
            span: SpanData { file_id: 0, lo: 41, hi: 42 },
        },
    ),
    Ok(
        Spand {
            data: DotDot,
            span: SpanData { file_id: 0, lo: 42, hi: 44 },
        },
    ),
    Ok(
        Spand {
            data: RParen,
            span: SpanData { file_id: 0, lo: 44, hi: 45 },
        },
    ),
    Ok(
        Spand {
            data: Arrow,
            span: SpanData { file_id: 0, lo: 46, hi: 48 },
        },
    ),
    Ok(
        Spand {
            data: Operator(
                "-",
            ),
            span: SpanData { file_id: 0, lo: 49, hi: 50 },
        },
    ),
    Ok(
        Spand {
            data: Integer(
                10,
            ),
            span: SpanData { file_id: 0, lo: 50, hi: 52 },
        },
    ),
]
