---
source: src/compiler/lexer.rs
expression: "Lexer :: new(0, \"let a = 10 in 10\").collect :: < Vec < _ >> ()"
---
[
    Ok(
        Spand {
            data: KwLet,
            span: SpanData { file_id: 0, start: 0, end: 3 },
        },
    ),
    Ok(
        Spand {
            data: Ident(
                "a",
            ),
            span: SpanData { file_id: 0, start: 4, end: 5 },
        },
    ),
    Ok(
        Spand {
            data: Eq,
            span: SpanData { file_id: 0, start: 6, end: 7 },
        },
    ),
    Ok(
        Spand {
            data: Integer(
                10,
            ),
            span: SpanData { file_id: 0, start: 8, end: 10 },
        },
    ),
    Ok(
        Spand {
            data: KwIn,
            span: SpanData { file_id: 0, start: 11, end: 13 },
        },
    ),
    Ok(
        Spand {
            data: Integer(
                10,
            ),
            span: SpanData { file_id: 0, start: 14, end: 16 },
        },
    ),
]
